[backblue.gif]
[fade.gif]
[index.html]
[madrid.ibercup.com/assets/vendor/modernizer/modernizr.js]
[madrid.ibercup.com/assets/vendor/jquery/dist/jquery.min.js]
[madrid.ibercup.com/assets/vendor/jquery-ui/jquery-ui.min.js]
[madrid.ibercup.com/assets/vendor/aniview/jquery.aniview.js]
[connect.facebook.net/en_US/sdk.js]
[connect.facebook.net/en_US/sdk/xfbml.customerchat.js]
[connect.facebook.net/en_US/fbevents.js]
[platform.twitter.com/widgets.js]
[apis.google.com/js/platform.js]
[madrid.ibercup.com/assets/img/logos/2019/logo-ibercup-type-elite.png]
[madrid.ibercup.com/assets/img/logos/2019/logo-ibercup.png]
[madrid.ibercup.com/assets/img/equipments/azul_metalico.png]
[madrid.ibercup.com/assets/img/equipments/vermelho-v-branco.png]
[madrid.ibercup.com/assets/img/equipments/azul_escuro.png]
[madrid.ibercup.com/assets/img/phases/groups.png]
[madrid.ibercup.com/assets/img/phases/A.png]
[madrid.ibercup.com/assets/img/phases/B.png]
[madrid.ibercup.com/assets/img/logo_livro_reclamacoes.png]
[madrid.ibercup.com/build/runtime.8b723eac.js]
[madrid.ibercup.com/build/165.44ad7a71.js]
[madrid.ibercup.com/build/app.04e2baf9.js]
[madrid.ibercup.com/assets/vendor/js-cookie/src/js.cookie.js]
[madrid.ibercup.com/assets/vendor/bootstrap/dist/js/bootstrap.min.js]
[madrid.ibercup.com/assets/vendor/bootstrap-hover-dropdown/bootstrap-hover-dropdown.min.js]
[madrid.ibercup.com/assets/main/lib/mCustomScrollbar/jquery.mCustomScrollbar.concat.min.js]
[madrid.ibercup.com/assets/vendor/featherlight/featherlight.min.js]
[madrid.ibercup.com/assets/vendor/featherlight/featherlight.gallery.min.js]
[madrid.ibercup.com/assets/js/share994f.js]
[madrid.ibercup.com/assets/js/main994f.js]
[madrid.ibercup.com/bundles/fosjsrouting/js/router.js]
[madrid.ibercup.com/assets/main/js/jquery.ajaxfileupload.js]
[madrid.ibercup.com/bundles/bazingajstranslation/js/translator.min.js]
[madrid.ibercup.com/assets/vendor/intl-tel-input/img/flags.png]
[madrid.ibercup.com/assets/vendor/intl-tel-input/img/flags@2x.png]
[madrid.ibercup.com/assets/vendor/intl-tel-input/js/intlTelInput.min.js]
[madrid.ibercup.com/assets/main/js/regions.js]
[madrid.ibercup.com/assets/js/tournament-overlay.js]
[madrid.ibercup.com/en/matches/calendar/groups/B/U/U-13-11/A.html]
[madrid.ibercup.com/assets/img/logo-ibercup.html]
[madrid.ibercup.com/assets/vendor/bootstrap/dist/css/bootstrap.min.css]
[madrid.ibercup.com/assets/vendor/bootstrap/dist/css/bootstrap-theme.min.css]
[madrid.ibercup.com/assets/vendor/animate.css/animate.css]
[madrid.ibercup.com/assets/vendor/Ionicons/css/ionicons.min.css]
[madrid.ibercup.com/assets/vendor/jquery-ui/themes/smoothness/images/ui-bg_highlight-soft_75_cccccc_1x100.png]
[madrid.ibercup.com/assets/vendor/jquery-ui/themes/smoothness/images/ui-bg_glass_75_e6e6e6_1x400.png]
[madrid.ibercup.com/assets/vendor/jquery-ui/themes/smoothness/images/ui-bg_glass_75_dadada_1x400.png]
[madrid.ibercup.com/assets/vendor/jquery-ui/themes/smoothness/images/ui-bg_glass_65_ffffff_1x400.png]
[madrid.ibercup.com/assets/vendor/jquery-ui/themes/smoothness/images/ui-bg_glass_55_fbf9ee_1x400.png]
[madrid.ibercup.com/assets/vendor/jquery-ui/themes/smoothness/images/ui-bg_glass_95_fef1ec_1x400.png]
[madrid.ibercup.com/assets/vendor/jquery-ui/themes/smoothness/images/ui-icons_222222_256x240.png]
[madrid.ibercup.com/assets/vendor/jquery-ui/themes/smoothness/images/ui-icons_454545_256x240.png]
[madrid.ibercup.com/assets/vendor/jquery-ui/themes/smoothness/images/ui-icons_2e83ff_256x240.png]
[madrid.ibercup.com/assets/vendor/jquery-ui/themes/smoothness/images/ui-icons_cd0a0a_256x240.png]
[madrid.ibercup.com/assets/vendor/jquery-ui/themes/smoothness/images/ui-icons_888888_256x240.png]
[madrid.ibercup.com/assets/vendor/jquery-ui/themes/smoothness/jquery-ui.min.css]
[madrid.ibercup.com/assets/main/lib/mCustomScrollbar/mCSB_buttons.png]
[madrid.ibercup.com/assets/main/lib/mCustomScrollbar/jquery.mCustomScrollbar.css]
[madrid.ibercup.com/assets/vendor/featherlight/featherlight.min.css]
[madrid.ibercup.com/assets/vendor/featherlight/featherlight.gallery.min.css]
[madrid.ibercup.com/build/app.143e0f24.css]
[www.googletagmanager.com/gtm5445.html]
[connect.facebook.net/en_US/sdk.js]
[connect.facebook.net/en_US/sdk/xfbml.customerchat.js]
[connect.facebook.net/en_US/fbevents.js]
[madrid.ibercup.com/assets/img/equipments/branco.png]
[madrid.ibercup.com/en/matches/calendar/groups/B/U/U-13-11/B.html]
[madrid.ibercup.com/assets/img/equipments/preto-v-branco.png]
[madrid.ibercup.com/assets/img/equipments/azul_claro.png]
[madrid.ibercup.com/assets/img/equipments/amarelo-h-vermelho.png]
[madrid.ibercup.com/assets/img/equipments/verde.png]
[madrid.ibercup.com/en/matches/calendar/groups/B/U/U-13-11/C.html]
[madrid.ibercup.com/en/matches/calendar/groups/B/U/U-13-11/D.html]
[madrid.ibercup.com/en/matches/calendar/groups/B/U/U-13-11/E.html]
[madrid.ibercup.com/assets/img/equipments/azul_escuro-v-branco.png]
[madrid.ibercup.com/en/matches/calendar/groups/B/U/U-13-11/F.html]
[madrid.ibercup.com/assets/vendor/intl-tel-input/css/intlTelInput.min.css]
[madrid.ibercup.com/en/matches/calendar/groups/B/U/U-13-11/chrome-extension_/index.html]
[madrid.ibercup.com/en/matches/calendar/groups/B/U/U-13-11/^([^_/indexd41d.html]
[madrid.ibercup.com/en/matches/calendar/groups/B/U/U-13-11/ABCDEFGHIJKLMNOPQRSTUVWXYZabcdefghijklmnopqrstuvwxyz0123456789+/index.html]
[madrid.ibercup.com/en/matches/calendar/groups/B/U/U-13-11/dialog/index.html]
[madrid.ibercup.com/en/matches/calendar/groups/B/U/U-13-11/LiveChatEvent/index.html]
[madrid.ibercup.com/en/matches/calendar/groups/B/U/U-13-11/c-2.html]
[madrid.ibercup.com/en/matches/calendar/groups/B/U/U-13-11/b-2.html]
